c[?7l[2J[0mSeaBIOS (version 1.16.3-debian-1.16.3-2)
Booting from ROM...
c[?7l[2J[    0.000000] Linux version 7.1.0-gbb4e90e91ba1 (ubuntu@my-vnc) (gcc (Ubuntu 13.3.0-6ubuntu2~24.04.1) 13.3.0, GNU ld (GNU Binutils for Ubuntu) 2.42) #2 SMP PREEMPT_DYNAMIC Sat Jul  4 05:58:01 UTC 2026
[    0.000000] Command line: console=ttyS0 panic=-1
[    0.000000] BIOS-provided physical RAM map:
[    0.000000] BIOS-e820: [mem 0x0000000000000000-0x000000000009fbff]  System RAM
[    0.000000] BIOS-e820: [mem 0x000000000009fc00-0x000000000009ffff]  device reserved
[    0.000000] BIOS-e820: [gap 0x00000000000a0000-0x00000000000effff]
[    0.000000] BIOS-e820: [mem 0x00000000000f0000-0x00000000000fffff]  device reserved
[    0.000000] BIOS-e820: [mem 0x0000000000100000-0x000000007ffdffff]  System RAM
[    0.000000] BIOS-e820: [mem 0x000000007ffe0000-0x000000007fffffff]  device reserved
[    0.000000] BIOS-e820: [gap 0x0000000080000000-0x00000000fffbffff]
[    0.000000] BIOS-e820: [mem 0x00000000fffc0000-0x00000000ffffffff]  device reserved
[    0.000000] BIOS-e820: [gap 0x0000000100000000-0x000000fcffffffff]
[    0.000000] BIOS-e820: [mem 0x000000fd00000000-0x000000ffffffffff]  device reserved
[    0.000000] NX (Execute Disable) protection: active
[    0.000000] APIC: Static calls initialized
[    0.000000] DMI: SMBIOS 3.0.0 present.
[    0.000000] DMI: QEMU Ubuntu 24.04 PC v2 (i440FX + PIIX, arch_caps fix, 1996), BIOS 1.16.3-debian-1.16.3-2 04/01/2014
[    0.000000] DMI: Memory slots populated: 1/1
[    0.000000] tsc: Fast TSC calibration failed
[    0.000000] last_pfn = 0x7ffe0 max_arch_pfn = 0x400000000
[    0.000000] MTRR map: 4 entries (3 fixed + 1 variable; max 19), built from 8 variable MTRRs
[    0.000000] x86/PAT: Configuration [0-7]: WB  WC  UC- UC  WB  WP  UC- WT  
[    0.000000] found SMP MP-table at [mem 0x000f5480-0x000f548f]
[    0.000000] RAMDISK: [mem 0x7ff1d000-0x7ffdffff]
[    0.000000] ACPI: Early table checksum verification disabled
[    0.000000] ACPI: RSDP 0x00000000000F5290 000014 (v00 BOCHS )
[    0.000000] ACPI: RSDT 0x000000007FFE1C4C 000034 (v01 BOCHS  BXPC     00000001 BXPC 00000001)
[    0.000000] ACPI: FACP 0x000000007FFE1B00 000074 (v01 BOCHS  BXPC     00000001 BXPC 00000001)
[    0.000000] ACPI: DSDT 0x000000007FFE0040 001AC0 (v01 BOCHS  BXPC     00000001 BXPC 00000001)
[    0.000000] ACPI: FACS 0x000000007FFE0000 000040
[    0.000000] ACPI: APIC 0x000000007FFE1B74 000078 (v03 BOCHS  BXPC     00000001 BXPC 00000001)
[    0.000000] ACPI: HPET 0x000000007FFE1BEC 000038 (v01 BOCHS  BXPC     00000001 BXPC 00000001)
[    0.000000] ACPI: WAET 0x000000007FFE1C24 000028 (v01 BOCHS  BXPC     00000001 BXPC 00000001)
[    0.000000] ACPI: Reserving FACP table memory at [mem 0x7ffe1b00-0x7ffe1b73]
[    0.000000] ACPI: Reserving DSDT table memory at [mem 0x7ffe0040-0x7ffe1aff]
[    0.000000] ACPI: Reserving FACS table memory at [mem 0x7ffe0000-0x7ffe003f]
[    0.000000] ACPI: Reserving APIC table memory at [mem 0x7ffe1b74-0x7ffe1beb]
[    0.000000] ACPI: Reserving HPET table memory at [mem 0x7ffe1bec-0x7ffe1c23]
[    0.000000] ACPI: Reserving WAET table memory at [mem 0x7ffe1c24-0x7ffe1c4b]
[    0.000000] No NUMA configuration found
[    0.000000] Faking a node at [mem 0x0000000000000000-0x000000007ffdffff]
[    0.000000] NODE_DATA(0) allocated [mem 0x7ff19680-0x7ff1cfff]
[    0.000000] ACPI: PM-Timer IO Port: 0x608
[    0.000000] ACPI: LAPIC_NMI (acpi_id[0xff] dfl dfl lint[0x1])
[    0.000000] IOAPIC[0]: apic_id 0, version 32, address 0xfec00000, GSI 0-23
[    0.000000] ACPI: INT_SRC_OVR (bus 0 bus_irq 0 global_irq 2 dfl dfl)
[    0.000000] ACPI: INT_SRC_OVR (bus 0 bus_irq 5 global_irq 5 high level)
[    0.000000] ACPI: INT_SRC_OVR (bus 0 bus_irq 9 global_irq 9 high level)
[    0.000000] ACPI: INT_SRC_OVR (bus 0 bus_irq 10 global_irq 10 high level)
[    0.000000] ACPI: INT_SRC_OVR (bus 0 bus_irq 11 global_irq 11 high level)
[    0.000000] ACPI: Using ACPI (MADT) for SMP configuration information
[    0.000000] ACPI: HPET id: 0x8086a201 base: 0xfed00000
[    0.000000] CPU topo: Max. logical packages:   1
[    0.000000] CPU topo: Max. logical nodes:      1
[    0.000000] CPU topo: Num. nodes per package:  1
[    0.000000] CPU topo: Max. logical dies:       1
[    0.000000] CPU topo: Max. dies per package:   1
[    0.000000] CPU topo: Max. threads per core:   1
[    0.000000] CPU topo: Num. cores per package:     1
[    0.000000] CPU topo: Num. threads per package:   1
[    0.000000] CPU topo: Allowing 1 present CPUs plus 0 hotplug CPUs
[    0.000000] PM: hibernation: Registered nosave memory: [mem 0x00000000-0x00000fff]
[    0.000000] PM: hibernation: Registered nosave memory: [mem 0x0009f000-0x000fffff]
[    0.000000] [gap 0x80000000-0xfffbffff] available for PCI devices
[    0.000000] Booting paravirtualized kernel on bare hardware
[    0.000000] clocksource: refined-jiffies: mask: 0xffffffff max_cycles: 0xffffffff, max_idle_ns: 1910969940391419 ns
[    0.000000] Zone ranges:
[    0.000000]   DMA      [mem 0x0000000000001000-0x0000000000ffffff]
[    0.000000]   DMA32    [mem 0x0000000001000000-0x000000007ffdffff]
[    0.000000]   Normal   empty
[    0.000000] Movable zone start for each node
[    0.000000] Early memory node ranges
[    0.000000]   node   0: [mem 0x0000000000001000-0x000000000009efff]
[    0.000000]   node   0: [mem 0x0000000000100000-0x000000007ffdffff]
[    0.000000] Initmem setup node 0 [mem 0x0000000000001000-0x000000007ffdffff]
[    0.000000] On node 0, zone DMA: 1 pages in unavailable ranges
[    0.000000] On node 0, zone DMA: 97 pages in unavailable ranges
[    0.000000] On node 0, zone DMA32: 32 pages in unavailable ranges
[    0.000000] setup_percpu: NR_CPUS:64 nr_cpumask_bits:1 nr_cpu_ids:1 nr_node_ids:1
[    0.000000] percpu: Embedded 54 pages/cpu s183576 r8192 d29416 u2097152
[    0.000000] Kernel command line: console=ttyS0 panic=-1
[    0.000000] printk: log buffer data + meta data: 262144 + 917504 = 1179648 bytes
[    0.000000] Dentry cache hash table entries: 262144 (order: 9, 2097152 bytes, linear)
[    0.000000] Inode-cache hash table entries: 131072 (order: 8, 1048576 bytes, linear)
[    0.000000] Fallback order for Node 0: 0 
[    0.000000] Built 1 zonelists, mobility grouping on.  Total pages: 524158
[    0.000000] Policy zone: DMA32
[    0.000000] mem auto-init: stack:all(zero), heap alloc:off, heap free:off
[    0.000000] SLUB: HWalign=64, Order=0-3, MinObjects=0, CPUs=1, Nodes=1
[    0.000000] Dynamic Preempt: lazy
[    0.000000] rcu: Preemptible hierarchical RCU implementation.
[    0.000000] rcu: 	RCU event tracing is enabled.
[    0.000000] rcu: 	RCU restricting CPUs from NR_CPUS=64 to nr_cpu_ids=1.
[    0.000000] 	Trampoline variant of Tasks RCU enabled.
[    0.000000] 	Tracing variant of Tasks RCU enabled.
[    0.000000] rcu: RCU calculated value of scheduler-enlistment delay is 100 jiffies.
[    0.000000] rcu: Adjusting geometry for rcu_fanout_leaf=16, nr_cpu_ids=1
[    0.000000] RCU Tasks: Setting shift to 0 and lim to 1 rcu_task_cb_adjust=1 rcu_task_cpu_ids=1.
[    0.000000] NR_IRQS: 4352, nr_irqs: 256, preallocated irqs: 16
[    0.000000] rcu: srcu_init: Setting srcu_struct sizes based on contention.
[    0.000000] clocksource: jiffies: mask: 0xffffffff max_cycles: 0xffffffff, max_idle_ns: 1911260446275000 ns
[    0.000000] Console: colour VGA+ 80x25
[    0.000000] printk: legacy console [ttyS0] enabled
[    0.000000] ACPI: Core revision 20260408
[    0.000000] clocksource: hpet: mask: 0xffffffff max_cycles: 0xffffffff, max_idle_ns: 19112604467 ns
[    0.004000] APIC: Switch to symmetric I/O mode setup
[    0.016000] ..TIMER: vector=0x30 apic1=0 pin1=2 apic2=-1 pin2=-1
[    0.026000] tsc: Unable to calibrate against PIT
[    0.026000] tsc: using HPET reference calibration
[    0.027000] tsc: Detected 1995.237 MHz processor
[    0.001369] clocksource: tsc-early: mask: 0xffffffffffffffff max_cycles: 0x398535b7d0c, max_idle_ns: 881590773576 ns
[    0.003050] Calibrating delay loop (skipped), value calculated using timer frequency.. 3990.47 BogoMIPS (lpj=1995237)
[    0.012129] Last level iTLB entries: 4KB 512, 2MB 255, 4MB 127
[    0.012565] Last level dTLB entries: 4KB 512, 2MB 255, 4MB 127, 1GB 0
[    0.013782] mitigations: Enabled attack vectors: user_kernel, user_user, SMT mitigations: auto
[    0.015613] Spectre V2 : Mitigation: Retpolines
[    0.016853] Spectre V1 : Mitigation: usercopy/swapgs barriers and __user pointer sanitization
[    0.017811] Spectre V2 : Spectre v2 / SpectreRSB: Filling RSB on context switch and VMEXIT
[    0.023127] x86/fpu: x87 FPU will use FXSAVE
[    1.227311] pid_max: default: 32768 minimum: 301
[    1.247682] SELinux:  Initializing.
[    1.265342] Mount-cache hash table entries: 4096 (order: 3, 32768 bytes, linear)
[    1.266102] Mountpoint-cache hash table entries: 4096 (order: 3, 32768 bytes, linear)
[    1.291342] VFS: Finished mounting rootfs on nullfs
[    1.449496] smpboot: CPU0: AMD QEMU Virtual CPU version 2.5+ (family: 0xf, model: 0x6b, stepping: 0x1)
[    1.475993] Performance Events: PMU not available due to virtualization, using software events only.
[    1.480413] signal: max sigframe size: 1440
[    1.484231] rcu: Hierarchical SRCU implementation.
[    1.484583] rcu: 	Max phase no-delay instances is 400.
[    1.496128] smp: Bringing up secondary CPUs ...
[    1.504510] smp: Brought up 1 node, 1 CPU
[    1.504969] smpboot: Total of 1 processors activated (3990.47 BogoMIPS)
[    1.528100] Memory: 2011492K/2096632K available (20000K kernel code, 3067K rwdata, 8340K rodata, 3036K init, 624K bss, 81364K reserved, 0K cma-reserved)
[    1.551822] devtmpfs: initialized
[    1.578848] posixtimers hash table entries: 512 (order: 1, 8192 bytes, linear)
[    1.580674] futex hash table entries: 256 (16384 bytes on 1 NUMA nodes, total 16 KiB, linear).
[    1.589776] PM: RTC time: 17:39:42, date: 2026-07-10
[    1.620081] NET: Registered PF_NETLINK/PF_ROUTE protocol family
[    1.629012] audit: initializing netlink subsys (disabled)
[    1.634216] audit: type=2000 audit(1783705181.659:1): state=initialized audit_enabled=0 res=1
[    1.648232] thermal_sys: Registered thermal governor 'step_wise'
[    1.649545] cpuidle: using governor menu
[    1.654831] Freeing SMP alternatives memory: 56K
[    1.662108] PCI: Using configuration type 1 for base access
[    1.668741] kprobes: kprobe jump-optimization is enabled. All kprobes are optimized if possible.
[    1.682568] HugeTLB: registered 2.00 MiB page size, pre-allocated 0 pages
[    1.683034] HugeTLB: 28 KiB vmemmap can be freed for a 2.00 MiB page
[    1.714129] ACPI: Added _OSI(Module Device)
[    1.714463] ACPI: Added _OSI(Processor Device)
[    1.714753] ACPI: Added _OSI(Processor Aggregator Device)
[    1.830985] ACPI: 1 ACPI AML tables successfully acquired and loaded
[    1.910815] ACPI: \_SB_: platform _OSC: OS support mask [002a7eee]
[    1.939133] ACPI: Interpreter enabled
[    1.946419] ACPI: PM: (supports S0 S3 S4 S5)
[    1.946632] ACPI: Using IOAPIC for interrupt routing
[    1.950299] PCI: Using host bridge windows from ACPI; if necessary, use "pci=nocrs" and report a bug
[    1.950603] PCI: Using E820 reservations for host bridge windows
[    1.959826] ACPI: Enabled 2 GPEs in block 00 to 0F
[    2.195195] ACPI: PCI Root Bridge [PCI0] (domain 0000 [bus 00-ff])
[    2.199017] acpi PNP0A03:00: _OSC: OS supports [ASPM ClockPM Segments MSI HPX-Type3]
[    2.201847] acpi PNP0A03:00: _OSC: not requesting OS control; OS requires [ExtendedConfig ASPM ClockPM MSI]
[    2.203264] acpi PNP0A03:00: _OSC: platform retains control of PCIe features (AE_ERROR)
[    2.206838] acpi PNP0A03:00: fail to add MMCONFIG information, can't access extended configuration space under this bridge
[    2.227021] PCI host bridge to bus 0000:00
[    2.230045] pci_bus 0000:00: root bus resource [io  0x0000-0x0cf7 window]
[    2.230592] pci_bus 0000:00: root bus resource [io  0x0d00-0xffff window]
[    2.231054] pci_bus 0000:00: root bus resource [mem 0x000a0000-0x000bffff window]
[    2.234010] pci_bus 0000:00: root bus resource [mem 0x80000000-0xfebfffff window]
[    2.234532] pci_bus 0000:00: root bus resource [mem 0x100000000-0x17fffffff window]
[    2.235385] pci_bus 0000:00: root bus resource [bus 00-ff]
[    2.245898] pci 0000:00:00.0: [8086:1237] type 00 class 0x060000 conventional PCI endpoint
[    2.270662] pci 0000:00:01.0: [8086:7000] type 00 class 0x060100 conventional PCI endpoint
[    2.274992] pci 0000:00:01.1: [8086:7010] type 00 class 0x010180 conventional PCI endpoint
[    2.278898] pci 0000:00:01.1: BAR 4 [io  0xc000-0xc00f]
[    2.283648] pci 0000:00:01.1: BAR 0 [io  0x01f0-0x01f7]: legacy IDE quirk
[    2.284168] pci 0000:00:01.1: BAR 1 [io  0x03f6]: legacy IDE quirk
[    2.284583] pci 0000:00:01.1: BAR 2 [io  0x0170-0x0177]: legacy IDE quirk
[    2.285104] pci 0000:00:01.1: BAR 3 [io  0x0376]: legacy IDE quirk
[    2.292236] pci 0000:00:01.3: [8086:7113] type 00 class 0x068000 conventional PCI endpoint
[    2.295811] pci 0000:00:01.3: quirk: [io  0x0600-0x063f] claimed by PIIX4 ACPI
[    2.296276] pci 0000:00:01.3: quirk: [io  0x0700-0x070f] claimed by PIIX4 SMB
[    2.300427] pci 0000:00:02.0: [1234:1111] type 00 class 0x030000 conventional PCI endpoint
[    2.304562] pci 0000:00:02.0: BAR 0 [mem 0xfd000000-0xfdffffff pref]
[    2.305029] pci 0000:00:02.0: BAR 2 [mem 0xfebf0000-0xfebf0fff]
[    2.305339] pci 0000:00:02.0: ROM [mem 0xfebe0000-0xfebeffff pref]
[    2.308148] pci 0000:00:02.0: Video device with shadowed ROM at [mem 0x000c0000-0x000dffff]
[    2.339844] ACPI: PCI: Interrupt link LNKA configured for IRQ 10
[    2.344567] ACPI: PCI: Interrupt link LNKB configured for IRQ 10
[    2.348687] ACPI: PCI: Interrupt link LNKC configured for IRQ 11
[    2.352693] ACPI: PCI: Interrupt link LNKD configured for IRQ 11
[    2.355798] ACPI: PCI: Interrupt link LNKS configured for IRQ 9
[    2.376227] iommu: Default domain type: Translated
[    2.376585] iommu: DMA domain TLB invalidation policy: lazy mode
[    2.385100] SCSI subsystem initialized
[    2.394995] ACPI: bus type USB registered
[    2.396186] usbcore: registered new interface driver usbfs
[    2.399276] usbcore: registered new interface driver hub
[    2.399836] usbcore: registered new device driver usb
[    2.403077] pps_core: LinuxPPS API ver. 1 registered
[    2.403376] pps_core: Software ver. 5.3.6 - Copyright 2005-2007 Rodolfo Giometti <giometti@linux.it>
[    2.403668] PTP clock support registered
[    2.413327] Advanced Linux Sound Architecture Driver Initialized.
[    2.464250] NetLabel: Initializing
[    2.464553] NetLabel:  domain hash size = 128
[    2.464778] NetLabel:  protocols = UNLABELED CIPSOv4 CALIPSO
[    2.469115] NetLabel:  unlabeled traffic allowed by default
[    2.494959] PCI: Using ACPI for IRQ routing
[    2.501043] e820: register RAM buffer resource [mem 0x0009fc00-0x0009ffff]
[    2.503910] e820: register RAM buffer resource [mem 0x7ffe0000-0x7fffffff]
[    2.512496] pci 0000:00:02.0: vgaarb: setting as boot VGA device
[    2.512496] pci 0000:00:02.0: vgaarb: bridge control possible
[    2.512496] pci 0000:00:02.0: vgaarb: VGA device added: decodes=io+mem,owns=io+mem,locks=none
[    2.512590] vgaarb: loaded
[    2.520711] hpet: 3 channels of 0 reserved for per-cpu timers
[    2.523681] hpet0: at MMIO 0xfed00000, IRQs 2, 8, 0
[    2.524184] hpet0: 3 comparators, 64-bit 100.000000 MHz counter
[    2.536229] clocksource: Switched to clocksource tsc-early
[    2.570613] VFS: Disk quotas dquot_6.6.0
[    2.572064] VFS: Dquot-cache hash table entries: 512 (4096 bytes)
[    2.586847] pnp: PnP ACPI init
[    2.614799] pnp: PnP ACPI: found 5 devices
[    2.742955] clocksource: acpi_pm: mask: 0xffffff max_cycles: 0xffffff, max_idle_ns: 2085701024 ns
[    2.749471] NET: Registered PF_INET protocol family
[    2.757234] IP idents hash table entries: 32768 (order: 6, 262144 bytes, linear)
[    2.802439] tcp_listen_portaddr_hash hash table entries: 1024 (order: 2, 16384 bytes, linear)
[    2.804321] Table-perturb hash table entries: 65536 (order: 6, 262144 bytes, linear)
[    2.807832] TCP established hash table entries: 16384 (order: 5, 131072 bytes, linear)
[    2.810635] TCP bind hash table entries: 16384 (order: 7, 524288 bytes, linear)
[    2.813798] TCP: Hash tables configured (established 16384 bind 16384)
[    2.819942] UDP hash table entries: 1024 (order: 4, 65536 bytes, linear)
[    2.828585] NET: Registered PF_UNIX/PF_LOCAL protocol family
[    2.842945] RPC: Registered named UNIX socket transport module.
[    2.843601] RPC: Registered udp transport module.
[    2.844872] RPC: Registered tcp transport module.
[    2.846097] RPC: Registered tcp-with-tls transport module.
[    2.846458] RPC: Registered tcp NFSv4.1 backchannel transport module.
[    2.872906] pci_bus 0000:00: resource 4 [io  0x0000-0x0cf7 window]
[    2.873328] pci_bus 0000:00: resource 5 [io  0x0d00-0xffff window]
[    2.874723] pci_bus 0000:00: resource 6 [mem 0x000a0000-0x000bffff window]
[    2.875203] pci_bus 0000:00: resource 7 [mem 0x80000000-0xfebfffff window]
[    2.878623] pci_bus 0000:00: resource 8 [mem 0x100000000-0x17fffffff window]
[    2.881710] pci 0000:00:01.0: PIIX3: Enabling Passive Release
[    2.883246] pci 0000:00:00.0: Limiting direct PCI/PCI transfers
[    2.884927] PCI: CLS 0 bytes, default 64
[    2.923472] Unpacking initramfs...
[    2.943292] Initialise system trusted keyrings
[    2.956116] workingset: timestamp_bits=56 (anon: 51) max_order=19 bucket_order=0 (anon: 0)
[    2.993684] NFS: Registering the id_resolver key type
[    2.998006] Key type id_resolver registered
[    2.998391] Key type id_legacy registered
[    3.000693] nfs4filelayout_init: NFSv4 File Layout Driver Registering...
[    3.003429] nfs4flexfilelayout_init: NFSv4 Flexfile Layout Driver Registering...
[    3.012073] 9p: Installing v9fs 9p2000 file system support
[    3.070791] Key type asymmetric registered
[    3.072656] Asymmetric key parser 'x509' registered
[    3.075371] Block layer SCSI generic (bsg) driver version 0.4 loaded (major 251)
[    3.082235] io scheduler mq-deadline registered
[    3.084589] io scheduler kyber registered
[    3.116644] input: Power Button as /devices/platform/LNXPWRBN:00/input/input0
[    3.128326] ACPI: button: Power Button [PWRF]
[    3.170037] Serial: 8250/16550 driver, 4 ports, IRQ sharing enabled
[    3.212422] 00:04: ttyS0 at I/O 0x3f8 (irq = 4, base_baud = 115200) is a 16550A
[    3.309669] Non-volatile memory driver v1.3
[    3.327937] ACPI: bus type drm_connector registered
[    3.496169] loop: module loaded
[    3.579218] scsi host0: ata_piix
[    3.595339] scsi host1: ata_piix
[    3.601320] ata1: PATA max MWDMA2 cmd 0x1f0 ctl 0x3f6 bmdma 0xc000 irq 14 lpm-pol 0
[    3.603693] ata2: PATA max MWDMA2 cmd 0x170 ctl 0x376 bmdma 0xc008 irq 15 lpm-pol 0
[    3.611724] Freeing initrd memory: 780K
[    3.630027] e100: Intel(R) PRO/100 Network Driver
[    3.632095] e100: Copyright(c) 1999-2006 Intel Corporation
[    3.634495] e1000: Intel(R) PRO/1000 Network Driver
[    3.634948] e1000: Copyright (c) 1999-2006 Intel Corporation.
[    3.638231] e1000e: Intel(R) PRO/1000 Network Driver
[    3.639649] e1000e: Copyright(c) 1999 - 2015 Intel Corporation.
[    3.641188] sky2: driver version 1.30
[    3.654718] usbcore: registered new interface driver usblp
[    3.656342] usbcore: registered new interface driver usb-storage
[    3.662441] i8042: PNP: PS/2 Controller [PNP0303:KBD,PNP0f13:MOU] at 0x60,0x64 irq 1,12
[    3.682348] serio: i8042 KBD port at 0x60,0x64 irq 1
[    3.686101] serio: i8042 AUX port at 0x60,0x64 irq 12
[    3.707899] rtc_cmos PNP0B00:00: RTC can wake from S4
[    3.719165] input: AT Translated Set 2 keyboard as /devices/platform/i8042/serio0/input/input1
[    3.738669] rtc_cmos PNP0B00:00: registered as rtc0
[    3.748064] rtc_cmos PNP0B00:00: alarms up to one day, y3k, 242 bytes nvram, hpet irqs
[    3.762421] device-mapper: ioctl: 4.50.0-ioctl (2025-04-28) initialised: dm-devel@lists.linux.dev
[    3.767872] amd_pstate: the _CPC object is not present in SBIOS or ACPI disabled
[    3.770835] hid: raw HID events driver (C) Jiri Kosina
[    3.777358] usbcore: registered new interface driver usbhid
[    3.778808] usbhid: USB HID core driver
[    3.801797] ata2: found unknown device (class 0)
[    3.829416] ata2.00: ATAPI: QEMU DVD-ROM, 2.5+, max UDMA/100
[    3.830488] nf_conntrack_irc: The irc conntrack helper is scheduled for removal.
[    3.830488] Please contact the netfilter-devel mailing list if you still need this.
[    3.849899] Initializing XFRM netlink socket
[    3.853939] NET: Registered PF_INET6 protocol family
[    3.909838] tsc: Refined TSC clocksource calibration: 1995.212 MHz
[    3.915912] scsi 1:0:0:0: CD-ROM            QEMU     QEMU DVD-ROM     2.5+ PQ: 0 ANSI: 5
[    3.916961] clocksource: tsc: mask: 0xffffffffffffffff max_cycles: 0x398506de52b, max_idle_ns: 881590654710 ns
[    3.922423] Segment Routing with IPv6
[    3.928595] In-situ OAM (IOAM) with IPv6
[    3.939114] clocksource: Switched to clocksource tsc
[    3.940995] NET: Registered PF_PACKET protocol family
[    3.962328] 9pnet: Installing 9P2000 support
[    3.966750] Key type dns_resolver registered
[    3.994919] IPI shorthand broadcast: enabled
[    4.013333] sr 1:0:0:0: [sr0] scsi3-mmc drive: 4x/4x cd/rw xa/form2 tray
[    4.030073] cdrom: Uniform CD-ROM driver Revision: 3.20
[    4.084284] sr 1:0:0:0: Attached scsi generic sg0 type 5
[    4.199426] input: ImExPS/2 Generic Explorer Mouse as /devices/platform/i8042/serio1/input/input3
[    4.277486] sched_clock: Marking stable (4304062977, -27503572)->(4308718956, -32159551)
[    4.292617] registered taskstats version 1
[    4.300038] Loading compiled-in X.509 certificates
[    4.403016] Demotion targets for Node 0: null
[    4.420324] PM:   Magic number: 2:693:693
[    4.423671] netconsole: network logging started
[    4.431740] cfg80211: Loading compiled-in X.509 certificates for regulatory database
[    4.479274] kworker/u4:4 (54) used greatest stack depth: 15032 bytes left
[    4.530686] Loaded X.509 cert 'sforshee: 00b28ddf47aef9cea7'
[    4.534171] Loaded X.509 cert 'wens: 61c038651aabdcf94bd0ac7ff06c7248db18c600'
[    4.544872] faux_driver regulatory: Direct firmware load for regulatory.db failed with error -2
[    4.546975] cfg80211: failed to load regulatory.db
[    5.226177] ALSA device list:
[    5.227155]   No soundcards found.
[    5.542725] Freeing unused kernel image (initmem) memory: 3036K
[    5.544058] Write protecting the kernel read-only data: 30720k
[    5.548492] Freeing unused kernel image (text/rodata gap) memory: 476K
[    5.552802] Freeing unused kernel image (rodata/data gap) memory: 1900K
[    6.148813] x86/mm: Checked W+X mappings: passed, no W+X pages found.
[    6.149887] Run /init as init process

=====================================================
  BPF Verifier dynptr UAF Exploit - Test Environment
=====================================================

[*] Filesystems mounted
[*] uid (as root): 0 gid: 0
[*] Dropping privileges to unprivileged user...
[+] Successfully dropped to uid=1000 gid=1000
[*] Executing exploit as unprivileged user...


==========================================
  BPF Verifier dynptr UAF LPE Exploit
  Linux 7.1.0-gbb4e90e91ba1 (bpf-next)
==========================================

[*] BEFORE: uid=1000 gid=1000
[*] User: testuser

[*] Creating BPF maps...
BPF_MAP_CREATE: Operation not permitted
BPF_MAP_CREATE: Operation not permitted
[-] Map creation failed
[    6.414853] Kernel panic - not syncing: Attempted to kill init! exitcode=0x00000100
[    6.416748] CPU: 0 UID: 1000 PID: 1 Comm: exploit Not tainted 7.1.0-gbb4e90e91ba1 #2 PREEMPT(lazy) 
[    6.417222] Hardware name: QEMU Ubuntu 24.04 PC v2 (i440FX + PIIX, arch_caps fix, 1996), BIOS 1.16.3-debian-1.16.3-2 04/01/2014
[    6.418015] Call Trace:
[    6.419604]  <TASK>
[    6.420288]  vpanic+0x32a/0x4b0
[    6.421490]  panic+0x5e/0x60
[    6.421707]  do_exit+0x96e/0xb10
[    6.421890]  ? hrtimer_update_next_event+0xc3/0x110
[    6.422113]  do_group_exit+0x2b/0x80
[    6.422282]  __x64_sys_exit_group+0x13/0x20
[    6.422488]  x64_sys_call+0x12e2/0x1880
[    6.422687]  do_syscall_64+0xf9/0x540
[    6.422867]  entry_SYSCALL_64_after_hwframe+0x77/0x7f
[    6.423399] RIP: 0033:0x41b0ad
[    6.424274] Code: ff ff ff 64 c7 00 26 00 00 00 eb ea 90 f3 0f 1e fa 48 c7 c6 b0 ff ff ff ba e7 00 00 00 eb 07 66 0f 1f 44 00 00 f4 89 d0 0f 05 <48> 3d 00 f0 ff ff 76 f3 f7 d8 64 89 06 eb ec 0f 1f 40 00 f3 0f 1e
[    6.425062] RSP: 002b:00007ffe471f7578 EFLAGS: 00000206 ORIG_RAX: 00000000000000e7
[    6.425406] RAX: ffffffffffffffda RBX: 0000000000000001 RCX: 000000000041b0ad
[    6.425703] RDX: 00000000000000e7 RSI: ffffffffffffffb0 RDI: 0000000000000001
[    6.426012] RBP: 00007ffe471f75d0 R08: 0000000000000001 R09: 0000000000000007
[    6.426286] R10: 0000000033dfe720 R11: 0000000000000206 R12: 0000000000000000
[    6.426557] R13: 0000000000000001 R14: 0000000000000001 R15: 00000000004e0400
[    6.426998]  </TASK>
[    6.428301] Kernel Offset: 0x3aa00000 from 0xffffffff81000000 (relocation range: 0xffffffff80000000-0xffffffffbfffffff)
c[?7l[2J[0mSeaBIOS (version 1.16.3-debian-1.16.3-2)
Booting from ROM...
c[?7l[2JQEMU: Terminated
